// Jest Snapshot v1, https://goo.gl/fbAQLP

exports[`isApp: true node 18 1`] = `
{
  "check.all": [
    "backtrack test",
  ],
  "files": {
    "dest": {
      "absolute": {
        ".husky/pre-commit": "<PROJECT_ROOT>/.husky/pre-commit",
        ".husky/pre-push": "<PROJECT_ROOT>/.husky/pre-push",
        "jest.config.cjs": "<PROJECT_ROOT>/jest.config.cjs",
        "wallaby.config.cjs": "<PROJECT_ROOT>/wallaby.config.cjs",
      },
      "allowChanges": {
        ".husky/pre-commit": false,
        ".husky/pre-push": false,
        "jest.config.cjs": false,
        "wallaby.config.cjs": false,
      },
      "files": [
        ".husky/pre-commit",
        ".husky/pre-push",
        "wallaby.config.cjs",
        "jest.config.cjs",
      ],
      "ignoreUpdates": {
        ".husky/pre-commit": false,
        ".husky/pre-push": false,
        "jest.config.cjs": false,
        "wallaby.config.cjs": false,
      },
    },
    "makeDirs": [
      ".husky",
      "dist",
      "src",
    ],
    "src": {
      "absolute": {
        "lib/files/jest.cjs": "<PROJECT_ROOT>/lib/files/jest.cjs",
        "lib/files/wallaby.cjs": "<PROJECT_ROOT>/lib/files/wallaby.cjs",
        "node_modules/@backtrack/preset-git-hooks/lib/files/pre-commit": "<PROJECT_ROOT>/node_modules/@backtrack/preset-git-hooks/lib/files/pre-commit",
        "node_modules/@backtrack/preset-git-hooks/lib/files/pre-push": "<PROJECT_ROOT>/node_modules/@backtrack/preset-git-hooks/lib/files/pre-push",
      },
      "files": [
        "node_modules/@backtrack/preset-git-hooks/lib/files/pre-commit",
        "node_modules/@backtrack/preset-git-hooks/lib/files/pre-push",
        "lib/files/wallaby.cjs",
        "lib/files/jest.cjs",
      ],
      "hash": {
        "lib/files/jest.cjs": "849190b5138d25fa0849678fb4a3c818fb0dccffbe6a86732713a18c4cc06b6d",
        "lib/files/wallaby.cjs": "1685bb89c5e60c303b9a319b3ee52766bfc0c0b7cf5a2c0e5f8e67a0e8febeba",
        "node_modules/@backtrack/preset-git-hooks/lib/files/pre-commit": "e4add719772b9da7940f03a22d607f8c8c86a543b9260739f9a8143b89007597",
        "node_modules/@backtrack/preset-git-hooks/lib/files/pre-push": "bd2849b7a84e41755e4c74b1a3d0640914f2cf1a1a4373640aa8d6308a3c53ee",
      },
    },
  },
  "git-pre-commit": [
    [Function noop],
  ],
  "git-pre-push": [
    [Function noop],
    "backtrack test",
  ],
  "packageJson": [
    {
      "scripts": {
        "test.update": "jest --update-snapshot",
        "test.watch": "jest --watch --pass-with-no-tests",
      },
    },
  ],
  "resolve": {
    "@backtrack/preset-git-hooks": "<PROJECT_ROOT>/node_modules/@backtrack/preset-git-hooks/lib",
    "@backtrack/preset-jest": "<PROJECT_ROOT>/lib",
  },
  "test": [
    "jest --pass-with-no-tests",
  ],
  "test.ci": [
    "jest --ci --no-cache --coverage --max-workers 2",
  ],
  "test.ci-pretest": [
    [Function noop],
  ],
}
`;

exports[`isApp: true node 18+ 1`] = `
{
  "check.all": [
    "backtrack test",
  ],
  "files": {
    "dest": {
      "absolute": {
        ".husky/pre-commit": "<PROJECT_ROOT>/.husky/pre-commit",
        ".husky/pre-push": "<PROJECT_ROOT>/.husky/pre-push",
        "jest.config.cjs": "<PROJECT_ROOT>/jest.config.cjs",
        "wallaby.config.cjs": "<PROJECT_ROOT>/wallaby.config.cjs",
      },
      "allowChanges": {
        ".husky/pre-commit": false,
        ".husky/pre-push": false,
        "jest.config.cjs": false,
        "wallaby.config.cjs": false,
      },
      "files": [
        ".husky/pre-commit",
        ".husky/pre-push",
        "wallaby.config.cjs",
        "jest.config.cjs",
      ],
      "ignoreUpdates": {
        ".husky/pre-commit": false,
        ".husky/pre-push": false,
        "jest.config.cjs": false,
        "wallaby.config.cjs": false,
      },
    },
    "makeDirs": [
      ".husky",
      "dist",
      "src",
    ],
    "src": {
      "absolute": {
        "lib/files/jest.cjs": "<PROJECT_ROOT>/lib/files/jest.cjs",
        "lib/files/wallaby.cjs": "<PROJECT_ROOT>/lib/files/wallaby.cjs",
        "node_modules/@backtrack/preset-git-hooks/lib/files/pre-commit": "<PROJECT_ROOT>/node_modules/@backtrack/preset-git-hooks/lib/files/pre-commit",
        "node_modules/@backtrack/preset-git-hooks/lib/files/pre-push": "<PROJECT_ROOT>/node_modules/@backtrack/preset-git-hooks/lib/files/pre-push",
      },
      "files": [
        "node_modules/@backtrack/preset-git-hooks/lib/files/pre-commit",
        "node_modules/@backtrack/preset-git-hooks/lib/files/pre-push",
        "lib/files/wallaby.cjs",
        "lib/files/jest.cjs",
      ],
      "hash": {
        "lib/files/jest.cjs": "849190b5138d25fa0849678fb4a3c818fb0dccffbe6a86732713a18c4cc06b6d",
        "lib/files/wallaby.cjs": "1685bb89c5e60c303b9a319b3ee52766bfc0c0b7cf5a2c0e5f8e67a0e8febeba",
        "node_modules/@backtrack/preset-git-hooks/lib/files/pre-commit": "e4add719772b9da7940f03a22d607f8c8c86a543b9260739f9a8143b89007597",
        "node_modules/@backtrack/preset-git-hooks/lib/files/pre-push": "bd2849b7a84e41755e4c74b1a3d0640914f2cf1a1a4373640aa8d6308a3c53ee",
      },
    },
  },
  "git-pre-commit": [
    [Function noop],
  ],
  "git-pre-push": [
    [Function noop],
    "backtrack test",
  ],
  "packageJson": [
    {
      "scripts": {
        "test.update": "jest --update-snapshot",
        "test.watch": "jest --watch --pass-with-no-tests",
      },
    },
  ],
  "resolve": {
    "@backtrack/preset-git-hooks": "<PROJECT_ROOT>/node_modules/@backtrack/preset-git-hooks/lib",
    "@backtrack/preset-jest": "<PROJECT_ROOT>/lib",
  },
  "test": [
    "jest --pass-with-no-tests",
  ],
  "test.ci": [
    "jest --ci --no-cache --coverage --max-workers 2",
  ],
  "test.ci-pretest": [
    [Function noop],
  ],
}
`;

exports[`isApp: true node 20 1`] = `
{
  "check.all": [
    "backtrack test",
  ],
  "files": {
    "dest": {
      "absolute": {
        ".husky/pre-commit": "<PROJECT_ROOT>/.husky/pre-commit",
        ".husky/pre-push": "<PROJECT_ROOT>/.husky/pre-push",
        "jest.config.cjs": "<PROJECT_ROOT>/jest.config.cjs",
        "wallaby.config.cjs": "<PROJECT_ROOT>/wallaby.config.cjs",
      },
      "allowChanges": {
        ".husky/pre-commit": false,
        ".husky/pre-push": false,
        "jest.config.cjs": false,
        "wallaby.config.cjs": false,
      },
      "files": [
        ".husky/pre-commit",
        ".husky/pre-push",
        "wallaby.config.cjs",
        "jest.config.cjs",
      ],
      "ignoreUpdates": {
        ".husky/pre-commit": false,
        ".husky/pre-push": false,
        "jest.config.cjs": false,
        "wallaby.config.cjs": false,
      },
    },
    "makeDirs": [
      ".husky",
      "dist",
      "src",
    ],
    "src": {
      "absolute": {
        "lib/files/jest.cjs": "<PROJECT_ROOT>/lib/files/jest.cjs",
        "lib/files/wallaby.cjs": "<PROJECT_ROOT>/lib/files/wallaby.cjs",
        "node_modules/@backtrack/preset-git-hooks/lib/files/pre-commit": "<PROJECT_ROOT>/node_modules/@backtrack/preset-git-hooks/lib/files/pre-commit",
        "node_modules/@backtrack/preset-git-hooks/lib/files/pre-push": "<PROJECT_ROOT>/node_modules/@backtrack/preset-git-hooks/lib/files/pre-push",
      },
      "files": [
        "node_modules/@backtrack/preset-git-hooks/lib/files/pre-commit",
        "node_modules/@backtrack/preset-git-hooks/lib/files/pre-push",
        "lib/files/wallaby.cjs",
        "lib/files/jest.cjs",
      ],
      "hash": {
        "lib/files/jest.cjs": "849190b5138d25fa0849678fb4a3c818fb0dccffbe6a86732713a18c4cc06b6d",
        "lib/files/wallaby.cjs": "1685bb89c5e60c303b9a319b3ee52766bfc0c0b7cf5a2c0e5f8e67a0e8febeba",
        "node_modules/@backtrack/preset-git-hooks/lib/files/pre-commit": "e4add719772b9da7940f03a22d607f8c8c86a543b9260739f9a8143b89007597",
        "node_modules/@backtrack/preset-git-hooks/lib/files/pre-push": "bd2849b7a84e41755e4c74b1a3d0640914f2cf1a1a4373640aa8d6308a3c53ee",
      },
    },
  },
  "git-pre-commit": [
    [Function noop],
  ],
  "git-pre-push": [
    [Function noop],
    "backtrack test",
  ],
  "packageJson": [
    {
      "scripts": {
        "test.update": "jest --update-snapshot",
        "test.watch": "jest --watch --pass-with-no-tests",
      },
    },
  ],
  "resolve": {
    "@backtrack/preset-git-hooks": "<PROJECT_ROOT>/node_modules/@backtrack/preset-git-hooks/lib",
    "@backtrack/preset-jest": "<PROJECT_ROOT>/lib",
  },
  "test": [
    "jest --pass-with-no-tests",
  ],
  "test.ci": [
    "jest --ci --no-cache --coverage --max-workers 2",
  ],
  "test.ci-pretest": [
    [Function noop],
  ],
}
`;

exports[`isApp: true, windows: true node 18 1`] = `
{
  "check.all": [
    "backtrack test",
  ],
  "files": {
    "dest": {
      "absolute": {
        ".husky/pre-commit": "<PROJECT_ROOT>/.husky/pre-commit",
        ".husky/pre-push": "<PROJECT_ROOT>/.husky/pre-push",
        "jest.config.cjs": "<PROJECT_ROOT>/jest.config.cjs",
        "wallaby.config.cjs": "<PROJECT_ROOT>/wallaby.config.cjs",
      },
      "allowChanges": {
        ".husky/pre-commit": false,
        ".husky/pre-push": false,
        "jest.config.cjs": false,
        "wallaby.config.cjs": false,
      },
      "files": [
        ".husky/pre-commit",
        ".husky/pre-push",
        "wallaby.config.cjs",
        "jest.config.cjs",
      ],
      "ignoreUpdates": {
        ".husky/pre-commit": false,
        ".husky/pre-push": false,
        "jest.config.cjs": false,
        "wallaby.config.cjs": false,
      },
    },
    "makeDirs": [
      ".husky",
      "dist",
      "src",
    ],
    "src": {
      "absolute": {
        "lib/files/jest.cjs": "<PROJECT_ROOT>/lib/files/jest.cjs",
        "lib/files/wallaby.cjs": "<PROJECT_ROOT>/lib/files/wallaby.cjs",
        "node_modules/@backtrack/preset-git-hooks/lib/files/pre-commit": "<PROJECT_ROOT>/node_modules/@backtrack/preset-git-hooks/lib/files/pre-commit",
        "node_modules/@backtrack/preset-git-hooks/lib/files/pre-push": "<PROJECT_ROOT>/node_modules/@backtrack/preset-git-hooks/lib/files/pre-push",
      },
      "files": [
        "node_modules/@backtrack/preset-git-hooks/lib/files/pre-commit",
        "node_modules/@backtrack/preset-git-hooks/lib/files/pre-push",
        "lib/files/wallaby.cjs",
        "lib/files/jest.cjs",
      ],
      "hash": {
        "lib/files/jest.cjs": "849190b5138d25fa0849678fb4a3c818fb0dccffbe6a86732713a18c4cc06b6d",
        "lib/files/wallaby.cjs": "1685bb89c5e60c303b9a319b3ee52766bfc0c0b7cf5a2c0e5f8e67a0e8febeba",
        "node_modules/@backtrack/preset-git-hooks/lib/files/pre-commit": "e4add719772b9da7940f03a22d607f8c8c86a543b9260739f9a8143b89007597",
        "node_modules/@backtrack/preset-git-hooks/lib/files/pre-push": "bd2849b7a84e41755e4c74b1a3d0640914f2cf1a1a4373640aa8d6308a3c53ee",
      },
    },
  },
  "git-pre-commit": [
    [Function noop],
  ],
  "git-pre-push": [
    [Function noop],
    "backtrack test",
  ],
  "packageJson": [
    {
      "scripts": {
        "test.update": "jest --update-snapshot",
        "test.watch": "jest --watch --pass-with-no-tests",
      },
    },
  ],
  "resolve": {
    "@backtrack/preset-git-hooks": "<PROJECT_ROOT>/node_modules/@backtrack/preset-git-hooks/lib",
    "@backtrack/preset-jest": "<PROJECT_ROOT>/lib",
  },
  "test": [
    "jest --pass-with-no-tests",
  ],
  "test.ci": [
    "jest --ci --no-cache --coverage --max-workers 2",
  ],
  "test.ci-pretest": [
    [Function noop],
  ],
}
`;

exports[`isApp: true, windows: true node 18+ 1`] = `
{
  "check.all": [
    "backtrack test",
  ],
  "files": {
    "dest": {
      "absolute": {
        ".husky/pre-commit": "<PROJECT_ROOT>/.husky/pre-commit",
        ".husky/pre-push": "<PROJECT_ROOT>/.husky/pre-push",
        "jest.config.cjs": "<PROJECT_ROOT>/jest.config.cjs",
        "wallaby.config.cjs": "<PROJECT_ROOT>/wallaby.config.cjs",
      },
      "allowChanges": {
        ".husky/pre-commit": false,
        ".husky/pre-push": false,
        "jest.config.cjs": false,
        "wallaby.config.cjs": false,
      },
      "files": [
        ".husky/pre-commit",
        ".husky/pre-push",
        "wallaby.config.cjs",
        "jest.config.cjs",
      ],
      "ignoreUpdates": {
        ".husky/pre-commit": false,
        ".husky/pre-push": false,
        "jest.config.cjs": false,
        "wallaby.config.cjs": false,
      },
    },
    "makeDirs": [
      ".husky",
      "dist",
      "src",
    ],
    "src": {
      "absolute": {
        "lib/files/jest.cjs": "<PROJECT_ROOT>/lib/files/jest.cjs",
        "lib/files/wallaby.cjs": "<PROJECT_ROOT>/lib/files/wallaby.cjs",
        "node_modules/@backtrack/preset-git-hooks/lib/files/pre-commit": "<PROJECT_ROOT>/node_modules/@backtrack/preset-git-hooks/lib/files/pre-commit",
        "node_modules/@backtrack/preset-git-hooks/lib/files/pre-push": "<PROJECT_ROOT>/node_modules/@backtrack/preset-git-hooks/lib/files/pre-push",
      },
      "files": [
        "node_modules/@backtrack/preset-git-hooks/lib/files/pre-commit",
        "node_modules/@backtrack/preset-git-hooks/lib/files/pre-push",
        "lib/files/wallaby.cjs",
        "lib/files/jest.cjs",
      ],
      "hash": {
        "lib/files/jest.cjs": "849190b5138d25fa0849678fb4a3c818fb0dccffbe6a86732713a18c4cc06b6d",
        "lib/files/wallaby.cjs": "1685bb89c5e60c303b9a319b3ee52766bfc0c0b7cf5a2c0e5f8e67a0e8febeba",
        "node_modules/@backtrack/preset-git-hooks/lib/files/pre-commit": "e4add719772b9da7940f03a22d607f8c8c86a543b9260739f9a8143b89007597",
        "node_modules/@backtrack/preset-git-hooks/lib/files/pre-push": "bd2849b7a84e41755e4c74b1a3d0640914f2cf1a1a4373640aa8d6308a3c53ee",
      },
    },
  },
  "git-pre-commit": [
    [Function noop],
  ],
  "git-pre-push": [
    [Function noop],
    "backtrack test",
  ],
  "packageJson": [
    {
      "scripts": {
        "test.update": "jest --update-snapshot",
        "test.watch": "jest --watch --pass-with-no-tests",
      },
    },
  ],
  "resolve": {
    "@backtrack/preset-git-hooks": "<PROJECT_ROOT>/node_modules/@backtrack/preset-git-hooks/lib",
    "@backtrack/preset-jest": "<PROJECT_ROOT>/lib",
  },
  "test": [
    "jest --pass-with-no-tests",
  ],
  "test.ci": [
    "jest --ci --no-cache --coverage --max-workers 2",
  ],
  "test.ci-pretest": [
    [Function noop],
  ],
}
`;

exports[`isApp: true, windows: true node 20 1`] = `
{
  "check.all": [
    "backtrack test",
  ],
  "files": {
    "dest": {
      "absolute": {
        ".husky/pre-commit": "<PROJECT_ROOT>/.husky/pre-commit",
        ".husky/pre-push": "<PROJECT_ROOT>/.husky/pre-push",
        "jest.config.cjs": "<PROJECT_ROOT>/jest.config.cjs",
        "wallaby.config.cjs": "<PROJECT_ROOT>/wallaby.config.cjs",
      },
      "allowChanges": {
        ".husky/pre-commit": false,
        ".husky/pre-push": false,
        "jest.config.cjs": false,
        "wallaby.config.cjs": false,
      },
      "files": [
        ".husky/pre-commit",
        ".husky/pre-push",
        "wallaby.config.cjs",
        "jest.config.cjs",
      ],
      "ignoreUpdates": {
        ".husky/pre-commit": false,
        ".husky/pre-push": false,
        "jest.config.cjs": false,
        "wallaby.config.cjs": false,
      },
    },
    "makeDirs": [
      ".husky",
      "dist",
      "src",
    ],
    "src": {
      "absolute": {
        "lib/files/jest.cjs": "<PROJECT_ROOT>/lib/files/jest.cjs",
        "lib/files/wallaby.cjs": "<PROJECT_ROOT>/lib/files/wallaby.cjs",
        "node_modules/@backtrack/preset-git-hooks/lib/files/pre-commit": "<PROJECT_ROOT>/node_modules/@backtrack/preset-git-hooks/lib/files/pre-commit",
        "node_modules/@backtrack/preset-git-hooks/lib/files/pre-push": "<PROJECT_ROOT>/node_modules/@backtrack/preset-git-hooks/lib/files/pre-push",
      },
      "files": [
        "node_modules/@backtrack/preset-git-hooks/lib/files/pre-commit",
        "node_modules/@backtrack/preset-git-hooks/lib/files/pre-push",
        "lib/files/wallaby.cjs",
        "lib/files/jest.cjs",
      ],
      "hash": {
        "lib/files/jest.cjs": "849190b5138d25fa0849678fb4a3c818fb0dccffbe6a86732713a18c4cc06b6d",
        "lib/files/wallaby.cjs": "1685bb89c5e60c303b9a319b3ee52766bfc0c0b7cf5a2c0e5f8e67a0e8febeba",
        "node_modules/@backtrack/preset-git-hooks/lib/files/pre-commit": "e4add719772b9da7940f03a22d607f8c8c86a543b9260739f9a8143b89007597",
        "node_modules/@backtrack/preset-git-hooks/lib/files/pre-push": "bd2849b7a84e41755e4c74b1a3d0640914f2cf1a1a4373640aa8d6308a3c53ee",
      },
    },
  },
  "git-pre-commit": [
    [Function noop],
  ],
  "git-pre-push": [
    [Function noop],
    "backtrack test",
  ],
  "packageJson": [
    {
      "scripts": {
        "test.update": "jest --update-snapshot",
        "test.watch": "jest --watch --pass-with-no-tests",
      },
    },
  ],
  "resolve": {
    "@backtrack/preset-git-hooks": "<PROJECT_ROOT>/node_modules/@backtrack/preset-git-hooks/lib",
    "@backtrack/preset-jest": "<PROJECT_ROOT>/lib",
  },
  "test": [
    "jest --pass-with-no-tests",
  ],
  "test.ci": [
    "jest --ci --no-cache --coverage --max-workers 2",
  ],
  "test.ci-pretest": [
    [Function noop],
  ],
}
`;

exports[`node: true node 18 1`] = `
{
  "check.all": [
    "backtrack test",
  ],
  "files": {
    "dest": {
      "absolute": {
        ".husky/pre-commit": "<PROJECT_ROOT>/.husky/pre-commit",
        ".husky/pre-push": "<PROJECT_ROOT>/.husky/pre-push",
        "jest.config.cjs": "<PROJECT_ROOT>/jest.config.cjs",
        "wallaby.config.cjs": "<PROJECT_ROOT>/wallaby.config.cjs",
      },
      "allowChanges": {
        ".husky/pre-commit": false,
        ".husky/pre-push": false,
        "jest.config.cjs": false,
        "wallaby.config.cjs": false,
      },
      "files": [
        ".husky/pre-commit",
        ".husky/pre-push",
        "wallaby.config.cjs",
        "jest.config.cjs",
      ],
      "ignoreUpdates": {
        ".husky/pre-commit": false,
        ".husky/pre-push": false,
        "jest.config.cjs": false,
        "wallaby.config.cjs": false,
      },
    },
    "makeDirs": [
      ".husky",
      "dist",
      "src",
    ],
    "src": {
      "absolute": {
        "lib/files/jest.cjs": "<PROJECT_ROOT>/lib/files/jest.cjs",
        "lib/files/wallaby.cjs": "<PROJECT_ROOT>/lib/files/wallaby.cjs",
        "node_modules/@backtrack/preset-git-hooks/lib/files/pre-commit": "<PROJECT_ROOT>/node_modules/@backtrack/preset-git-hooks/lib/files/pre-commit",
        "node_modules/@backtrack/preset-git-hooks/lib/files/pre-push": "<PROJECT_ROOT>/node_modules/@backtrack/preset-git-hooks/lib/files/pre-push",
      },
      "files": [
        "node_modules/@backtrack/preset-git-hooks/lib/files/pre-commit",
        "node_modules/@backtrack/preset-git-hooks/lib/files/pre-push",
        "lib/files/wallaby.cjs",
        "lib/files/jest.cjs",
      ],
      "hash": {
        "lib/files/jest.cjs": "849190b5138d25fa0849678fb4a3c818fb0dccffbe6a86732713a18c4cc06b6d",
        "lib/files/wallaby.cjs": "1685bb89c5e60c303b9a319b3ee52766bfc0c0b7cf5a2c0e5f8e67a0e8febeba",
        "node_modules/@backtrack/preset-git-hooks/lib/files/pre-commit": "e4add719772b9da7940f03a22d607f8c8c86a543b9260739f9a8143b89007597",
        "node_modules/@backtrack/preset-git-hooks/lib/files/pre-push": "bd2849b7a84e41755e4c74b1a3d0640914f2cf1a1a4373640aa8d6308a3c53ee",
      },
    },
  },
  "git-pre-commit": [
    [Function noop],
  ],
  "git-pre-push": [
    [Function noop],
    "backtrack test",
  ],
  "packageJson": [
    {
      "scripts": {
        "test.update": "jest --update-snapshot",
        "test.watch": "jest --watch --pass-with-no-tests",
      },
    },
  ],
  "prepublishOnly": [
    "backtrack test",
  ],
  "resolve": {
    "@backtrack/preset-git-hooks": "<PROJECT_ROOT>/node_modules/@backtrack/preset-git-hooks/lib",
    "@backtrack/preset-jest": "<PROJECT_ROOT>/lib",
  },
  "test": [
    "jest --pass-with-no-tests",
  ],
  "test.ci": [
    "jest --ci --no-cache --coverage --max-workers 2",
  ],
  "test.ci-pretest": [
    [Function noop],
  ],
}
`;

exports[`node: true node 18+ 1`] = `
{
  "check.all": [
    "backtrack test",
  ],
  "files": {
    "dest": {
      "absolute": {
        ".husky/pre-commit": "<PROJECT_ROOT>/.husky/pre-commit",
        ".husky/pre-push": "<PROJECT_ROOT>/.husky/pre-push",
        "jest.config.cjs": "<PROJECT_ROOT>/jest.config.cjs",
        "wallaby.config.cjs": "<PROJECT_ROOT>/wallaby.config.cjs",
      },
      "allowChanges": {
        ".husky/pre-commit": false,
        ".husky/pre-push": false,
        "jest.config.cjs": false,
        "wallaby.config.cjs": false,
      },
      "files": [
        ".husky/pre-commit",
        ".husky/pre-push",
        "wallaby.config.cjs",
        "jest.config.cjs",
      ],
      "ignoreUpdates": {
        ".husky/pre-commit": false,
        ".husky/pre-push": false,
        "jest.config.cjs": false,
        "wallaby.config.cjs": false,
      },
    },
    "makeDirs": [
      ".husky",
      "dist",
      "src",
    ],
    "src": {
      "absolute": {
        "lib/files/jest.cjs": "<PROJECT_ROOT>/lib/files/jest.cjs",
        "lib/files/wallaby.cjs": "<PROJECT_ROOT>/lib/files/wallaby.cjs",
        "node_modules/@backtrack/preset-git-hooks/lib/files/pre-commit": "<PROJECT_ROOT>/node_modules/@backtrack/preset-git-hooks/lib/files/pre-commit",
        "node_modules/@backtrack/preset-git-hooks/lib/files/pre-push": "<PROJECT_ROOT>/node_modules/@backtrack/preset-git-hooks/lib/files/pre-push",
      },
      "files": [
        "node_modules/@backtrack/preset-git-hooks/lib/files/pre-commit",
        "node_modules/@backtrack/preset-git-hooks/lib/files/pre-push",
        "lib/files/wallaby.cjs",
        "lib/files/jest.cjs",
      ],
      "hash": {
        "lib/files/jest.cjs": "849190b5138d25fa0849678fb4a3c818fb0dccffbe6a86732713a18c4cc06b6d",
        "lib/files/wallaby.cjs": "1685bb89c5e60c303b9a319b3ee52766bfc0c0b7cf5a2c0e5f8e67a0e8febeba",
        "node_modules/@backtrack/preset-git-hooks/lib/files/pre-commit": "e4add719772b9da7940f03a22d607f8c8c86a543b9260739f9a8143b89007597",
        "node_modules/@backtrack/preset-git-hooks/lib/files/pre-push": "bd2849b7a84e41755e4c74b1a3d0640914f2cf1a1a4373640aa8d6308a3c53ee",
      },
    },
  },
  "git-pre-commit": [
    [Function noop],
  ],
  "git-pre-push": [
    [Function noop],
    "backtrack test",
  ],
  "packageJson": [
    {
      "scripts": {
        "test.update": "jest --update-snapshot",
        "test.watch": "jest --watch --pass-with-no-tests",
      },
    },
  ],
  "prepublishOnly": [
    "backtrack test",
  ],
  "resolve": {
    "@backtrack/preset-git-hooks": "<PROJECT_ROOT>/node_modules/@backtrack/preset-git-hooks/lib",
    "@backtrack/preset-jest": "<PROJECT_ROOT>/lib",
  },
  "test": [
    "jest --pass-with-no-tests",
  ],
  "test.ci": [
    "jest --ci --no-cache --coverage --max-workers 2",
  ],
  "test.ci-pretest": [
    [Function noop],
  ],
}
`;

exports[`node: true node 20 1`] = `
{
  "check.all": [
    "backtrack test",
  ],
  "files": {
    "dest": {
      "absolute": {
        ".husky/pre-commit": "<PROJECT_ROOT>/.husky/pre-commit",
        ".husky/pre-push": "<PROJECT_ROOT>/.husky/pre-push",
        "jest.config.cjs": "<PROJECT_ROOT>/jest.config.cjs",
        "wallaby.config.cjs": "<PROJECT_ROOT>/wallaby.config.cjs",
      },
      "allowChanges": {
        ".husky/pre-commit": false,
        ".husky/pre-push": false,
        "jest.config.cjs": false,
        "wallaby.config.cjs": false,
      },
      "files": [
        ".husky/pre-commit",
        ".husky/pre-push",
        "wallaby.config.cjs",
        "jest.config.cjs",
      ],
      "ignoreUpdates": {
        ".husky/pre-commit": false,
        ".husky/pre-push": false,
        "jest.config.cjs": false,
        "wallaby.config.cjs": false,
      },
    },
    "makeDirs": [
      ".husky",
      "dist",
      "src",
    ],
    "src": {
      "absolute": {
        "lib/files/jest.cjs": "<PROJECT_ROOT>/lib/files/jest.cjs",
        "lib/files/wallaby.cjs": "<PROJECT_ROOT>/lib/files/wallaby.cjs",
        "node_modules/@backtrack/preset-git-hooks/lib/files/pre-commit": "<PROJECT_ROOT>/node_modules/@backtrack/preset-git-hooks/lib/files/pre-commit",
        "node_modules/@backtrack/preset-git-hooks/lib/files/pre-push": "<PROJECT_ROOT>/node_modules/@backtrack/preset-git-hooks/lib/files/pre-push",
      },
      "files": [
        "node_modules/@backtrack/preset-git-hooks/lib/files/pre-commit",
        "node_modules/@backtrack/preset-git-hooks/lib/files/pre-push",
        "lib/files/wallaby.cjs",
        "lib/files/jest.cjs",
      ],
      "hash": {
        "lib/files/jest.cjs": "849190b5138d25fa0849678fb4a3c818fb0dccffbe6a86732713a18c4cc06b6d",
        "lib/files/wallaby.cjs": "1685bb89c5e60c303b9a319b3ee52766bfc0c0b7cf5a2c0e5f8e67a0e8febeba",
        "node_modules/@backtrack/preset-git-hooks/lib/files/pre-commit": "e4add719772b9da7940f03a22d607f8c8c86a543b9260739f9a8143b89007597",
        "node_modules/@backtrack/preset-git-hooks/lib/files/pre-push": "bd2849b7a84e41755e4c74b1a3d0640914f2cf1a1a4373640aa8d6308a3c53ee",
      },
    },
  },
  "git-pre-commit": [
    [Function noop],
  ],
  "git-pre-push": [
    [Function noop],
    "backtrack test",
  ],
  "packageJson": [
    {
      "scripts": {
        "test.update": "jest --update-snapshot",
        "test.watch": "jest --watch --pass-with-no-tests",
      },
    },
  ],
  "prepublishOnly": [
    "backtrack test",
  ],
  "resolve": {
    "@backtrack/preset-git-hooks": "<PROJECT_ROOT>/node_modules/@backtrack/preset-git-hooks/lib",
    "@backtrack/preset-jest": "<PROJECT_ROOT>/lib",
  },
  "test": [
    "jest --pass-with-no-tests",
  ],
  "test.ci": [
    "jest --ci --no-cache --coverage --max-workers 2",
  ],
  "test.ci-pretest": [
    [Function noop],
  ],
}
`;

exports[`preset returns expected config - defaults node 18 1`] = `
{
  "check.all": [
    "backtrack test",
  ],
  "files": {
    "dest": {
      "absolute": {
        ".husky/pre-commit": "<PROJECT_ROOT>/.husky/pre-commit",
        ".husky/pre-push": "<PROJECT_ROOT>/.husky/pre-push",
        "jest.config.cjs": "<PROJECT_ROOT>/jest.config.cjs",
        "wallaby.config.cjs": "<PROJECT_ROOT>/wallaby.config.cjs",
      },
      "allowChanges": {
        ".husky/pre-commit": false,
        ".husky/pre-push": false,
        "jest.config.cjs": false,
        "wallaby.config.cjs": false,
      },
      "files": [
        ".husky/pre-commit",
        ".husky/pre-push",
        "wallaby.config.cjs",
        "jest.config.cjs",
      ],
      "ignoreUpdates": {
        ".husky/pre-commit": false,
        ".husky/pre-push": false,
        "jest.config.cjs": false,
        "wallaby.config.cjs": false,
      },
    },
    "makeDirs": [
      ".husky",
      "dist",
      "src",
    ],
    "src": {
      "absolute": {
        "lib/files/jest.cjs": "<PROJECT_ROOT>/lib/files/jest.cjs",
        "lib/files/wallaby.cjs": "<PROJECT_ROOT>/lib/files/wallaby.cjs",
        "node_modules/@backtrack/preset-git-hooks/lib/files/pre-commit": "<PROJECT_ROOT>/node_modules/@backtrack/preset-git-hooks/lib/files/pre-commit",
        "node_modules/@backtrack/preset-git-hooks/lib/files/pre-push": "<PROJECT_ROOT>/node_modules/@backtrack/preset-git-hooks/lib/files/pre-push",
      },
      "files": [
        "node_modules/@backtrack/preset-git-hooks/lib/files/pre-commit",
        "node_modules/@backtrack/preset-git-hooks/lib/files/pre-push",
        "lib/files/wallaby.cjs",
        "lib/files/jest.cjs",
      ],
      "hash": {
        "lib/files/jest.cjs": "849190b5138d25fa0849678fb4a3c818fb0dccffbe6a86732713a18c4cc06b6d",
        "lib/files/wallaby.cjs": "1685bb89c5e60c303b9a319b3ee52766bfc0c0b7cf5a2c0e5f8e67a0e8febeba",
        "node_modules/@backtrack/preset-git-hooks/lib/files/pre-commit": "e4add719772b9da7940f03a22d607f8c8c86a543b9260739f9a8143b89007597",
        "node_modules/@backtrack/preset-git-hooks/lib/files/pre-push": "bd2849b7a84e41755e4c74b1a3d0640914f2cf1a1a4373640aa8d6308a3c53ee",
      },
    },
  },
  "git-pre-commit": [
    [Function noop],
  ],
  "git-pre-push": [
    [Function noop],
    "backtrack test",
  ],
  "packageJson": [
    {
      "scripts": {
        "test.update": "jest --update-snapshot",
        "test.watch": "jest --watch --pass-with-no-tests",
      },
    },
  ],
  "prepublishOnly": [
    "backtrack test",
  ],
  "resolve": {
    "@backtrack/preset-git-hooks": "<PROJECT_ROOT>/node_modules/@backtrack/preset-git-hooks/lib",
    "@backtrack/preset-jest": "<PROJECT_ROOT>/lib",
  },
  "test": [
    "jest --pass-with-no-tests",
  ],
  "test.ci": [
    "jest --ci --no-cache --coverage --max-workers 2",
  ],
  "test.ci-pretest": [
    [Function noop],
  ],
}
`;

exports[`preset returns expected config - defaults node 18+ 1`] = `
{
  "check.all": [
    "backtrack test",
  ],
  "files": {
    "dest": {
      "absolute": {
        ".husky/pre-commit": "<PROJECT_ROOT>/.husky/pre-commit",
        ".husky/pre-push": "<PROJECT_ROOT>/.husky/pre-push",
        "jest.config.cjs": "<PROJECT_ROOT>/jest.config.cjs",
        "wallaby.config.cjs": "<PROJECT_ROOT>/wallaby.config.cjs",
      },
      "allowChanges": {
        ".husky/pre-commit": false,
        ".husky/pre-push": false,
        "jest.config.cjs": false,
        "wallaby.config.cjs": false,
      },
      "files": [
        ".husky/pre-commit",
        ".husky/pre-push",
        "wallaby.config.cjs",
        "jest.config.cjs",
      ],
      "ignoreUpdates": {
        ".husky/pre-commit": false,
        ".husky/pre-push": false,
        "jest.config.cjs": false,
        "wallaby.config.cjs": false,
      },
    },
    "makeDirs": [
      ".husky",
      "dist",
      "src",
    ],
    "src": {
      "absolute": {
        "lib/files/jest.cjs": "<PROJECT_ROOT>/lib/files/jest.cjs",
        "lib/files/wallaby.cjs": "<PROJECT_ROOT>/lib/files/wallaby.cjs",
        "node_modules/@backtrack/preset-git-hooks/lib/files/pre-commit": "<PROJECT_ROOT>/node_modules/@backtrack/preset-git-hooks/lib/files/pre-commit",
        "node_modules/@backtrack/preset-git-hooks/lib/files/pre-push": "<PROJECT_ROOT>/node_modules/@backtrack/preset-git-hooks/lib/files/pre-push",
      },
      "files": [
        "node_modules/@backtrack/preset-git-hooks/lib/files/pre-commit",
        "node_modules/@backtrack/preset-git-hooks/lib/files/pre-push",
        "lib/files/wallaby.cjs",
        "lib/files/jest.cjs",
      ],
      "hash": {
        "lib/files/jest.cjs": "849190b5138d25fa0849678fb4a3c818fb0dccffbe6a86732713a18c4cc06b6d",
        "lib/files/wallaby.cjs": "1685bb89c5e60c303b9a319b3ee52766bfc0c0b7cf5a2c0e5f8e67a0e8febeba",
        "node_modules/@backtrack/preset-git-hooks/lib/files/pre-commit": "e4add719772b9da7940f03a22d607f8c8c86a543b9260739f9a8143b89007597",
        "node_modules/@backtrack/preset-git-hooks/lib/files/pre-push": "bd2849b7a84e41755e4c74b1a3d0640914f2cf1a1a4373640aa8d6308a3c53ee",
      },
    },
  },
  "git-pre-commit": [
    [Function noop],
  ],
  "git-pre-push": [
    [Function noop],
    "backtrack test",
  ],
  "packageJson": [
    {
      "scripts": {
        "test.update": "jest --update-snapshot",
        "test.watch": "jest --watch --pass-with-no-tests",
      },
    },
  ],
  "prepublishOnly": [
    "backtrack test",
  ],
  "resolve": {
    "@backtrack/preset-git-hooks": "<PROJECT_ROOT>/node_modules/@backtrack/preset-git-hooks/lib",
    "@backtrack/preset-jest": "<PROJECT_ROOT>/lib",
  },
  "test": [
    "jest --pass-with-no-tests",
  ],
  "test.ci": [
    "jest --ci --no-cache --coverage --max-workers 2",
  ],
  "test.ci-pretest": [
    [Function noop],
  ],
}
`;

exports[`preset returns expected config - defaults node 20 1`] = `
{
  "check.all": [
    "backtrack test",
  ],
  "files": {
    "dest": {
      "absolute": {
        ".husky/pre-commit": "<PROJECT_ROOT>/.husky/pre-commit",
        ".husky/pre-push": "<PROJECT_ROOT>/.husky/pre-push",
        "jest.config.cjs": "<PROJECT_ROOT>/jest.config.cjs",
        "wallaby.config.cjs": "<PROJECT_ROOT>/wallaby.config.cjs",
      },
      "allowChanges": {
        ".husky/pre-commit": false,
        ".husky/pre-push": false,
        "jest.config.cjs": false,
        "wallaby.config.cjs": false,
      },
      "files": [
        ".husky/pre-commit",
        ".husky/pre-push",
        "wallaby.config.cjs",
        "jest.config.cjs",
      ],
      "ignoreUpdates": {
        ".husky/pre-commit": false,
        ".husky/pre-push": false,
        "jest.config.cjs": false,
        "wallaby.config.cjs": false,
      },
    },
    "makeDirs": [
      ".husky",
      "dist",
      "src",
    ],
    "src": {
      "absolute": {
        "lib/files/jest.cjs": "<PROJECT_ROOT>/lib/files/jest.cjs",
        "lib/files/wallaby.cjs": "<PROJECT_ROOT>/lib/files/wallaby.cjs",
        "node_modules/@backtrack/preset-git-hooks/lib/files/pre-commit": "<PROJECT_ROOT>/node_modules/@backtrack/preset-git-hooks/lib/files/pre-commit",
        "node_modules/@backtrack/preset-git-hooks/lib/files/pre-push": "<PROJECT_ROOT>/node_modules/@backtrack/preset-git-hooks/lib/files/pre-push",
      },
      "files": [
        "node_modules/@backtrack/preset-git-hooks/lib/files/pre-commit",
        "node_modules/@backtrack/preset-git-hooks/lib/files/pre-push",
        "lib/files/wallaby.cjs",
        "lib/files/jest.cjs",
      ],
      "hash": {
        "lib/files/jest.cjs": "849190b5138d25fa0849678fb4a3c818fb0dccffbe6a86732713a18c4cc06b6d",
        "lib/files/wallaby.cjs": "1685bb89c5e60c303b9a319b3ee52766bfc0c0b7cf5a2c0e5f8e67a0e8febeba",
        "node_modules/@backtrack/preset-git-hooks/lib/files/pre-commit": "e4add719772b9da7940f03a22d607f8c8c86a543b9260739f9a8143b89007597",
        "node_modules/@backtrack/preset-git-hooks/lib/files/pre-push": "bd2849b7a84e41755e4c74b1a3d0640914f2cf1a1a4373640aa8d6308a3c53ee",
      },
    },
  },
  "git-pre-commit": [
    [Function noop],
  ],
  "git-pre-push": [
    [Function noop],
    "backtrack test",
  ],
  "packageJson": [
    {
      "scripts": {
        "test.update": "jest --update-snapshot",
        "test.watch": "jest --watch --pass-with-no-tests",
      },
    },
  ],
  "prepublishOnly": [
    "backtrack test",
  ],
  "resolve": {
    "@backtrack/preset-git-hooks": "<PROJECT_ROOT>/node_modules/@backtrack/preset-git-hooks/lib",
    "@backtrack/preset-jest": "<PROJECT_ROOT>/lib",
  },
  "test": [
    "jest --pass-with-no-tests",
  ],
  "test.ci": [
    "jest --ci --no-cache --coverage --max-workers 2",
  ],
  "test.ci-pretest": [
    [Function noop],
  ],
}
`;

exports[`windows: false node 18 1`] = `
{
  "check.all": [
    "backtrack test",
  ],
  "files": {
    "dest": {
      "absolute": {
        ".husky/pre-commit": "<PROJECT_ROOT>/.husky/pre-commit",
        ".husky/pre-push": "<PROJECT_ROOT>/.husky/pre-push",
        "jest.config.cjs": "<PROJECT_ROOT>/jest.config.cjs",
        "wallaby.config.cjs": "<PROJECT_ROOT>/wallaby.config.cjs",
      },
      "allowChanges": {
        ".husky/pre-commit": false,
        ".husky/pre-push": false,
        "jest.config.cjs": false,
        "wallaby.config.cjs": false,
      },
      "files": [
        ".husky/pre-commit",
        ".husky/pre-push",
        "wallaby.config.cjs",
        "jest.config.cjs",
      ],
      "ignoreUpdates": {
        ".husky/pre-commit": false,
        ".husky/pre-push": false,
        "jest.config.cjs": false,
        "wallaby.config.cjs": false,
      },
    },
    "makeDirs": [
      ".husky",
      "dist",
      "src",
    ],
    "src": {
      "absolute": {
        "lib/files/jest.cjs": "<PROJECT_ROOT>/lib/files/jest.cjs",
        "lib/files/wallaby.cjs": "<PROJECT_ROOT>/lib/files/wallaby.cjs",
        "node_modules/@backtrack/preset-git-hooks/lib/files/pre-commit": "<PROJECT_ROOT>/node_modules/@backtrack/preset-git-hooks/lib/files/pre-commit",
        "node_modules/@backtrack/preset-git-hooks/lib/files/pre-push": "<PROJECT_ROOT>/node_modules/@backtrack/preset-git-hooks/lib/files/pre-push",
      },
      "files": [
        "node_modules/@backtrack/preset-git-hooks/lib/files/pre-commit",
        "node_modules/@backtrack/preset-git-hooks/lib/files/pre-push",
        "lib/files/wallaby.cjs",
        "lib/files/jest.cjs",
      ],
      "hash": {
        "lib/files/jest.cjs": "849190b5138d25fa0849678fb4a3c818fb0dccffbe6a86732713a18c4cc06b6d",
        "lib/files/wallaby.cjs": "1685bb89c5e60c303b9a319b3ee52766bfc0c0b7cf5a2c0e5f8e67a0e8febeba",
        "node_modules/@backtrack/preset-git-hooks/lib/files/pre-commit": "e4add719772b9da7940f03a22d607f8c8c86a543b9260739f9a8143b89007597",
        "node_modules/@backtrack/preset-git-hooks/lib/files/pre-push": "bd2849b7a84e41755e4c74b1a3d0640914f2cf1a1a4373640aa8d6308a3c53ee",
      },
    },
  },
  "git-pre-commit": [
    [Function noop],
  ],
  "git-pre-push": [
    [Function noop],
    "backtrack test",
  ],
  "packageJson": [
    {
      "scripts": {
        "test.update": "jest --update-snapshot",
        "test.watch": "jest --watch --pass-with-no-tests",
      },
    },
  ],
  "prepublishOnly": [
    "backtrack test",
  ],
  "resolve": {
    "@backtrack/preset-git-hooks": "<PROJECT_ROOT>/node_modules/@backtrack/preset-git-hooks/lib",
    "@backtrack/preset-jest": "<PROJECT_ROOT>/lib",
  },
  "test": [
    "jest --pass-with-no-tests",
  ],
  "test.ci": [
    "jest --ci --no-cache --coverage --max-workers 2",
  ],
  "test.ci-pretest": [
    [Function noop],
  ],
}
`;

exports[`windows: false node 18+ 1`] = `
{
  "check.all": [
    "backtrack test",
  ],
  "files": {
    "dest": {
      "absolute": {
        ".husky/pre-commit": "<PROJECT_ROOT>/.husky/pre-commit",
        ".husky/pre-push": "<PROJECT_ROOT>/.husky/pre-push",
        "jest.config.cjs": "<PROJECT_ROOT>/jest.config.cjs",
        "wallaby.config.cjs": "<PROJECT_ROOT>/wallaby.config.cjs",
      },
      "allowChanges": {
        ".husky/pre-commit": false,
        ".husky/pre-push": false,
        "jest.config.cjs": false,
        "wallaby.config.cjs": false,
      },
      "files": [
        ".husky/pre-commit",
        ".husky/pre-push",
        "wallaby.config.cjs",
        "jest.config.cjs",
      ],
      "ignoreUpdates": {
        ".husky/pre-commit": false,
        ".husky/pre-push": false,
        "jest.config.cjs": false,
        "wallaby.config.cjs": false,
      },
    },
    "makeDirs": [
      ".husky",
      "dist",
      "src",
    ],
    "src": {
      "absolute": {
        "lib/files/jest.cjs": "<PROJECT_ROOT>/lib/files/jest.cjs",
        "lib/files/wallaby.cjs": "<PROJECT_ROOT>/lib/files/wallaby.cjs",
        "node_modules/@backtrack/preset-git-hooks/lib/files/pre-commit": "<PROJECT_ROOT>/node_modules/@backtrack/preset-git-hooks/lib/files/pre-commit",
        "node_modules/@backtrack/preset-git-hooks/lib/files/pre-push": "<PROJECT_ROOT>/node_modules/@backtrack/preset-git-hooks/lib/files/pre-push",
      },
      "files": [
        "node_modules/@backtrack/preset-git-hooks/lib/files/pre-commit",
        "node_modules/@backtrack/preset-git-hooks/lib/files/pre-push",
        "lib/files/wallaby.cjs",
        "lib/files/jest.cjs",
      ],
      "hash": {
        "lib/files/jest.cjs": "849190b5138d25fa0849678fb4a3c818fb0dccffbe6a86732713a18c4cc06b6d",
        "lib/files/wallaby.cjs": "1685bb89c5e60c303b9a319b3ee52766bfc0c0b7cf5a2c0e5f8e67a0e8febeba",
        "node_modules/@backtrack/preset-git-hooks/lib/files/pre-commit": "e4add719772b9da7940f03a22d607f8c8c86a543b9260739f9a8143b89007597",
        "node_modules/@backtrack/preset-git-hooks/lib/files/pre-push": "bd2849b7a84e41755e4c74b1a3d0640914f2cf1a1a4373640aa8d6308a3c53ee",
      },
    },
  },
  "git-pre-commit": [
    [Function noop],
  ],
  "git-pre-push": [
    [Function noop],
    "backtrack test",
  ],
  "packageJson": [
    {
      "scripts": {
        "test.update": "jest --update-snapshot",
        "test.watch": "jest --watch --pass-with-no-tests",
      },
    },
  ],
  "prepublishOnly": [
    "backtrack test",
  ],
  "resolve": {
    "@backtrack/preset-git-hooks": "<PROJECT_ROOT>/node_modules/@backtrack/preset-git-hooks/lib",
    "@backtrack/preset-jest": "<PROJECT_ROOT>/lib",
  },
  "test": [
    "jest --pass-with-no-tests",
  ],
  "test.ci": [
    "jest --ci --no-cache --coverage --max-workers 2",
  ],
  "test.ci-pretest": [
    [Function noop],
  ],
}
`;

exports[`windows: false node 20 1`] = `
{
  "check.all": [
    "backtrack test",
  ],
  "files": {
    "dest": {
      "absolute": {
        ".husky/pre-commit": "<PROJECT_ROOT>/.husky/pre-commit",
        ".husky/pre-push": "<PROJECT_ROOT>/.husky/pre-push",
        "jest.config.cjs": "<PROJECT_ROOT>/jest.config.cjs",
        "wallaby.config.cjs": "<PROJECT_ROOT>/wallaby.config.cjs",
      },
      "allowChanges": {
        ".husky/pre-commit": false,
        ".husky/pre-push": false,
        "jest.config.cjs": false,
        "wallaby.config.cjs": false,
      },
      "files": [
        ".husky/pre-commit",
        ".husky/pre-push",
        "wallaby.config.cjs",
        "jest.config.cjs",
      ],
      "ignoreUpdates": {
        ".husky/pre-commit": false,
        ".husky/pre-push": false,
        "jest.config.cjs": false,
        "wallaby.config.cjs": false,
      },
    },
    "makeDirs": [
      ".husky",
      "dist",
      "src",
    ],
    "src": {
      "absolute": {
        "lib/files/jest.cjs": "<PROJECT_ROOT>/lib/files/jest.cjs",
        "lib/files/wallaby.cjs": "<PROJECT_ROOT>/lib/files/wallaby.cjs",
        "node_modules/@backtrack/preset-git-hooks/lib/files/pre-commit": "<PROJECT_ROOT>/node_modules/@backtrack/preset-git-hooks/lib/files/pre-commit",
        "node_modules/@backtrack/preset-git-hooks/lib/files/pre-push": "<PROJECT_ROOT>/node_modules/@backtrack/preset-git-hooks/lib/files/pre-push",
      },
      "files": [
        "node_modules/@backtrack/preset-git-hooks/lib/files/pre-commit",
        "node_modules/@backtrack/preset-git-hooks/lib/files/pre-push",
        "lib/files/wallaby.cjs",
        "lib/files/jest.cjs",
      ],
      "hash": {
        "lib/files/jest.cjs": "849190b5138d25fa0849678fb4a3c818fb0dccffbe6a86732713a18c4cc06b6d",
        "lib/files/wallaby.cjs": "1685bb89c5e60c303b9a319b3ee52766bfc0c0b7cf5a2c0e5f8e67a0e8febeba",
        "node_modules/@backtrack/preset-git-hooks/lib/files/pre-commit": "e4add719772b9da7940f03a22d607f8c8c86a543b9260739f9a8143b89007597",
        "node_modules/@backtrack/preset-git-hooks/lib/files/pre-push": "bd2849b7a84e41755e4c74b1a3d0640914f2cf1a1a4373640aa8d6308a3c53ee",
      },
    },
  },
  "git-pre-commit": [
    [Function noop],
  ],
  "git-pre-push": [
    [Function noop],
    "backtrack test",
  ],
  "packageJson": [
    {
      "scripts": {
        "test.update": "jest --update-snapshot",
        "test.watch": "jest --watch --pass-with-no-tests",
      },
    },
  ],
  "prepublishOnly": [
    "backtrack test",
  ],
  "resolve": {
    "@backtrack/preset-git-hooks": "<PROJECT_ROOT>/node_modules/@backtrack/preset-git-hooks/lib",
    "@backtrack/preset-jest": "<PROJECT_ROOT>/lib",
  },
  "test": [
    "jest --pass-with-no-tests",
  ],
  "test.ci": [
    "jest --ci --no-cache --coverage --max-workers 2",
  ],
  "test.ci-pretest": [
    [Function noop],
  ],
}
`;
